// Jest Snapshot v1, https://goo.gl/fbAQLP

exports[`Matches snapshot 1`] = `
Object {
  "asFragment": [Function],
  "baseElement": <body>
    <div>
      <div
        style="margin: 50px 50px 0px 100px; width: auto; text-align: left;"
      >
        <table
          class="table table-striped"
        >
          <thead
            class="thead-dark"
          >
            <tr>
              <th
                scope="col"
              >
                ID
              </th>
              <th
                scope="col"
              >
                Title
              </th>
              <th
                scope="col"
              >
                Location
              </th>
              <th
                scope="col"
              >
                Created
              </th>
              <th
                scope="col"
              >
                Updated
              </th>
              <th
                scope="col"
              >
                Priority
              </th>
              <th
                scope="col"
              >
                Status
              </th>
            </tr>
          </thead>
          <tbody>
            <tr>
              <th>
                <a
                  data-testid="row0-id"
                  href="/workorder/k3qoOGdq0B"
                  style="color: rgb(255, 59, 48);"
                >
                  k3qoOGdq0B
                </a>
              </th>
              <th
                data-testid="row0-title"
              >
                Measure Strap length
              </th>
              <td>
                Long Beach Convention Center
              </td>
              <td>
                April 26th 2020, 11:16:00 am
              </td>
              <td>
                April 26th 2020, 11:16:00 am
              </td>
              <td>
                MEDIUM
              </td>
              <td
                data-testid="row0-status"
              >
                OPEN
              </td>
            </tr>
            <tr>
              <th>
                <a
                  data-testid="row1-id"
                  href="/workorder/fzXzwxgHMC"
                  style="color: rgb(255, 59, 48);"
                >
                  fzXzwxgHMC
                </a>
              </th>
              <th
                data-testid="row1-title"
              >
                gary admin delete test
              </th>
              <td>
                Long Beach Convention Center
              </td>
              <td>
                April 2nd 2020, 10:44:25 am
              </td>
              <td>
                April 2nd 2020, 10:00:14 am
              </td>
              <td>
                HIGH
              </td>
              <td
                data-testid="row1-status"
              >
                IN_PROGRESS
              </td>
            </tr>
          </tbody>
        </table>
      </div>
    </div>
  </body>,
  "container": <div>
    <div
      style="margin: 50px 50px 0px 100px; width: auto; text-align: left;"
    >
      <table
        class="table table-striped"
      >
        <thead
          class="thead-dark"
        >
          <tr>
            <th
              scope="col"
            >
              ID
            </th>
            <th
              scope="col"
            >
              Title
            </th>
            <th
              scope="col"
            >
              Location
            </th>
            <th
              scope="col"
            >
              Created
            </th>
            <th
              scope="col"
            >
              Updated
            </th>
            <th
              scope="col"
            >
              Priority
            </th>
            <th
              scope="col"
            >
              Status
            </th>
          </tr>
        </thead>
        <tbody>
          <tr>
            <th>
              <a
                data-testid="row0-id"
                href="/workorder/k3qoOGdq0B"
                style="color: rgb(255, 59, 48);"
              >
                k3qoOGdq0B
              </a>
            </th>
            <th
              data-testid="row0-title"
            >
              Measure Strap length
            </th>
            <td>
              Long Beach Convention Center
            </td>
            <td>
              April 26th 2020, 11:16:00 am
            </td>
            <td>
              April 26th 2020, 11:16:00 am
            </td>
            <td>
              MEDIUM
            </td>
            <td
              data-testid="row0-status"
            >
              OPEN
            </td>
          </tr>
          <tr>
            <th>
              <a
                data-testid="row1-id"
                href="/workorder/fzXzwxgHMC"
                style="color: rgb(255, 59, 48);"
              >
                fzXzwxgHMC
              </a>
            </th>
            <th
              data-testid="row1-title"
            >
              gary admin delete test
            </th>
            <td>
              Long Beach Convention Center
            </td>
            <td>
              April 2nd 2020, 10:44:25 am
            </td>
            <td>
              April 2nd 2020, 10:00:14 am
            </td>
            <td>
              HIGH
            </td>
            <td
              data-testid="row1-status"
            >
              IN_PROGRESS
            </td>
          </tr>
        </tbody>
      </table>
    </div>
  </div>,
  "debug": [Function],
  "findAllByAltText": [Function],
  "findAllByDisplayValue": [Function],
  "findAllByLabelText": [Function],
  "findAllByPlaceholderText": [Function],
  "findAllByRole": [Function],
  "findAllByTestId": [Function],
  "findAllByText": [Function],
  "findAllByTitle": [Function],
  "findByAltText": [Function],
  "findByDisplayValue": [Function],
  "findByLabelText": [Function],
  "findByPlaceholderText": [Function],
  "findByRole": [Function],
  "findByTestId": [Function],
  "findByText": [Function],
  "findByTitle": [Function],
  "getAllByAltText": [Function],
  "getAllByDisplayValue": [Function],
  "getAllByLabelText": [Function],
  "getAllByPlaceholderText": [Function],
  "getAllByRole": [Function],
  "getAllByTestId": [Function],
  "getAllByText": [Function],
  "getAllByTitle": [Function],
  "getByAltText": [Function],
  "getByDisplayValue": [Function],
  "getByLabelText": [Function],
  "getByPlaceholderText": [Function],
  "getByRole": [Function],
  "getByTestId": [Function],
  "getByText": [Function],
  "getByTitle": [Function],
  "queryAllByAltText": [Function],
  "queryAllByDisplayValue": [Function],
  "queryAllByLabelText": [Function],
  "queryAllByPlaceholderText": [Function],
  "queryAllByRole": [Function],
  "queryAllByTestId": [Function],
  "queryAllByText": [Function],
  "queryAllByTitle": [Function],
  "queryByAltText": [Function],
  "queryByDisplayValue": [Function],
  "queryByLabelText": [Function],
  "queryByPlaceholderText": [Function],
  "queryByRole": [Function],
  "queryByTestId": [Function],
  "queryByText": [Function],
  "queryByTitle": [Function],
  "rerender": [Function],
  "unmount": [Function],
}
`;
